

Sun Jan 30 18:13:45 2022
Command line: TestDisk

TestDisk 7.1, Data Recovery Utility, July 2019
Christophe GRENIER <grenier@cgsecurity.org>
https://www.cgsecurity.org
OS: Linux, kernel 5.15.15-76051515-generic (#202201160435~1642693824~20.04~97db1bb-Ubuntu SMP Fri Jan 21 14:) x86_64
Compiler: GCC 9.2
ext2fs lib: 1.45.5, ntfs lib: libntfs-3g, reiserfs lib: none, ewf lib: none, curses lib: ncurses 6.1
User is not root!
Hard disk list


TestDisk exited normally.
Using locale 'en_CA.UTF-8'.


Sun Jan 30 18:13:46 2022
Command line: TestDisk /debug

TestDisk 7.1, Data Recovery Utility, July 2019
Christophe GRENIER <grenier@cgsecurity.org>
https://www.cgsecurity.org
OS: Linux, kernel 5.15.15-76051515-generic (#202201160435~1642693824~20.04~97db1bb-Ubuntu SMP Fri Jan 21 14:) x86_64
Compiler: GCC 9.2
ext2fs lib: 1.45.5, ntfs lib: libntfs-3g, reiserfs lib: none, ewf lib: none, curses lib: ncurses 6.1
/dev/sda: LBA, LBA48 support
/dev/sda: size       1953525168 sectors
/dev/sda: user_max   1953525168 sectors
/dev/sdb: LBA, HPA, LBA48, DCO support
/dev/sdb: size       7814037168 sectors
/dev/sdb: user_max   7814037168 sectors
/dev/sdb: native_max 7814037168 sectors
/dev/sdc: LBA, HPA, LBA48, DCO support
/dev/sdc: size       1953525168 sectors
/dev/sdc: user_max   1953525168 sectors
/dev/sdc: native_max 1953525168 sectors
Warning: can't get size for Disk /dev/mapper/control - 0 B - 0 sectors, sector size=512
Warning: can't get size for Disk /dev/loop13 - 0 B - 0 sectors, sector size=512
Hard disk list
Disk /dev/sda - 1000 GB / 931 GiB - CHS 121601 255 63, sector size=512 - WDC WDS100T2B0A, S/N:184858805510, FW:X61190WD
Disk /dev/sdb - 4000 GB / 3726 GiB - CHS 486401 255 63, sector size=512 - WDC WD40EZRZ-00GXCB0, S/N:WD-WCC7K2AXXSXC, FW:80.00A80
Disk /dev/sdc - 1000 GB / 931 GiB - CHS 121601 255 63, sector size=512 - Samsung SSD 870 EVO 1TB, S/N:S6PTNJ0R606479D, FW:SVT01B6Q
Disk /dev/mapper/cryptswap - 4193 MB / 3999 MiB - 8190974 sectors, sector size=512
Disk /dev/dm-0 - 4193 MB / 3999 MiB - 8190974 sectors, sector size=512
Disk /dev/loop0 - 58 MB / 55 MiB - 113640 sectors (RO), sector size=512
Disk /dev/loop1 - 4096 B - 8 sectors (RO), sector size=512
Disk /dev/loop10 - 363 MB / 347 MiB - 710728 sectors (RO), sector size=512
Disk /dev/loop11 - 363 MB / 346 MiB - 710608 sectors (RO), sector size=512
Disk /dev/loop12 - 45 MB / 43 MiB - 88952 sectors (RO), sector size=512
Disk /dev/loop2 - 58 MB / 55 MiB - 113680 sectors (RO), sector size=512
Disk /dev/loop3 - 172 MB / 164 MiB - 337424 sectors (RO), sector size=512
Disk /dev/loop4 - 68 MB / 65 MiB - 133552 sectors (RO), sector size=512
Disk /dev/loop5 - 45 MB / 43 MiB - 88616 sectors (RO), sector size=512
Disk /dev/loop6 - 122 KB / 120 KiB - 240 sectors (RO), sector size=512
Disk /dev/loop7 - 122 KB / 120 KiB - 240 sectors (RO), sector size=512
Disk /dev/loop8 - 212 KB / 208 KiB - 416 sectors (RO), sector size=512
Disk /dev/loop9 - 104 MB / 99 MiB - 203720 sectors (RO), sector size=512
Disk /dev/nvme0n1 - 500 GB / 465 GiB - CHS 476940 64 32, sector size=512
Disk /dev/nvme1n1 - 250 GB / 232 GiB - CHS 238475 64 32, sector size=512

Partition table type (auto): EFI GPT
Partition table type (auto): EFI GPT
Disk /dev/sdc - 1000 GB / 931 GiB - Samsung SSD 870 EVO 1TB
Partition table type: EFI GPT

Interface Advanced
hdr_size=92
hdr_lba_self=1
hdr_lba_alt=1953525167 (expected 1953525167)
hdr_lba_start=34
hdr_lba_end=1953525134
hdr_lba_table=2
hdr_entries=128
hdr_entsz=128
 1 P Linux filesys. data         2048 1953523709 1953521662
search_superblock

recover_EXT2: s_block_group_nr=0/7452, s_mnt_count=206/4294967295, s_blocks_per_group=32768, s_inodes_per_group=8192
recover_EXT2: s_blocksize=4096
recover_EXT2: s_blocks_count 244190207
recover_EXT2: part_size 1953521656
Filesystem created: Wed Jul  7 15:26:46 2021
Last mount time:    Sun Jan 30 16:05:13 2022
Ext2 superblock found at sector 2 (block=0, blocksize=4096)

block_group_nr 1

recover_EXT2: "e2fsck -b 32768 -B 4096 device" may be needed
recover_EXT2: s_block_group_nr=1/7452, s_mnt_count=0/4294967295, s_blocks_per_group=32768, s_inodes_per_group=8192
recover_EXT2: s_blocksize=4096
recover_EXT2: s_blocks_count 244190207
recover_EXT2: part_size 1953521656
Filesystem created: Wed Jul  7 15:26:46 2021
Ext2 superblock found at sector 262144 (block=32768, blocksize=4096)

block_group_nr 3

recover_EXT2: "e2fsck -b 98304 -B 4096 device" may be needed
recover_EXT2: s_block_group_nr=3/7452, s_mnt_count=0/4294967295, s_blocks_per_group=32768, s_inodes_per_group=8192
recover_EXT2: s_blocksize=4096
recover_EXT2: s_blocks_count 244190207
recover_EXT2: part_size 1953521656
Filesystem created: Wed Jul  7 15:26:46 2021
Ext2 superblock found at sector 786432 (block=98304, blocksize=4096)

block_group_nr 5

recover_EXT2: "e2fsck -b 163840 -B 4096 device" may be needed
recover_EXT2: s_block_group_nr=5/7452, s_mnt_count=0/4294967295, s_blocks_per_group=32768, s_inodes_per_group=8192
recover_EXT2: s_blocksize=4096
recover_EXT2: s_blocks_count 244190207
recover_EXT2: part_size 1953521656
Filesystem created: Wed Jul  7 15:26:46 2021
Ext2 superblock found at sector 1310720 (block=163840, blocksize=4096)

block_group_nr 7

recover_EXT2: "e2fsck -b 229376 -B 4096 device" may be needed
recover_EXT2: s_block_group_nr=7/7452, s_mnt_count=0/4294967295, s_blocks_per_group=32768, s_inodes_per_group=8192
recover_EXT2: s_blocksize=4096
recover_EXT2: s_blocks_count 244190207
recover_EXT2: part_size 1953521656
Filesystem created: Wed Jul  7 15:26:46 2021
Ext2 superblock found at sector 1835008 (block=229376, blocksize=4096)

block_group_nr 9

recover_EXT2: "e2fsck -b 294912 -B 4096 device" may be needed
recover_EXT2: s_block_group_nr=9/7452, s_mnt_count=0/4294967295, s_blocks_per_group=32768, s_inodes_per_group=8192
recover_EXT2: s_blocksize=4096
recover_EXT2: s_blocks_count 244190207
recover_EXT2: part_size 1953521656
Filesystem created: Wed Jul  7 15:26:46 2021
Ext2 superblock found at sector 2359296 (block=294912, blocksize=4096)

block_group_nr 25

recover_EXT2: "e2fsck -b 819200 -B 4096 device" may be needed
recover_EXT2: s_block_group_nr=25/7452, s_mnt_count=0/4294967295, s_blocks_per_group=32768, s_inodes_per_group=8192
recover_EXT2: s_blocksize=4096
recover_EXT2: s_blocks_count 244190207
recover_EXT2: part_size 1953521656
Filesystem created: Wed Jul  7 15:26:46 2021
Ext2 superblock found at sector 6553600 (block=819200, blocksize=4096)

block_group_nr 27

recover_EXT2: "e2fsck -b 884736 -B 4096 device" may be needed
recover_EXT2: s_block_group_nr=27/7452, s_mnt_count=0/4294967295, s_blocks_per_group=32768, s_inodes_per_group=8192
recover_EXT2: s_blocksize=4096
recover_EXT2: s_blocks_count 244190207
recover_EXT2: part_size 1953521656
Filesystem created: Wed Jul  7 15:26:46 2021
Ext2 superblock found at sector 7077888 (block=884736, blocksize=4096)

block_group_nr 49

recover_EXT2: "e2fsck -b 1605632 -B 4096 device" may be needed
recover_EXT2: s_block_group_nr=49/7452, s_mnt_count=0/4294967295, s_blocks_per_group=32768, s_inodes_per_group=8192
recover_EXT2: s_blocksize=4096
recover_EXT2: s_blocks_count 244190207
recover_EXT2: part_size 1953521656
Filesystem created: Wed Jul  7 15:26:46 2021
Ext2 superblock found at sector 12845056 (block=1605632, blocksize=4096)

block_group_nr 81

recover_EXT2: "e2fsck -b 2654208 -B 4096 device" may be needed
recover_EXT2: s_block_group_nr=81/7452, s_mnt_count=0/4294967295, s_blocks_per_group=32768, s_inodes_per_group=8192
recover_EXT2: s_blocksize=4096
recover_EXT2: s_blocks_count 244190207
recover_EXT2: part_size 1953521656
Filesystem created: Wed Jul  7 15:26:46 2021
Ext2 superblock found at sector 21233664 (block=2654208, blocksize=4096)
  Linux filesys. data         2048 1953523703 1953521656
superblock 0, blocksize=4096 []
superblock 32768, blocksize=4096 []
superblock 98304, blocksize=4096 []
superblock 163840, blocksize=4096 []
superblock 229376, blocksize=4096 []
superblock 294912, blocksize=4096 []
superblock 819200, blocksize=4096 []
superblock 884736, blocksize=4096 []
superblock 1605632, blocksize=4096 []
superblock 2654208, blocksize=4096 []

To repair the filesystem using alternate superblock, run
fsck.ext4 -p -b superblock -B blocksize device

Interface Advanced
hdr_size=92
hdr_lba_self=1
hdr_lba_alt=1953525167 (expected 1953525167)
hdr_lba_start=34
hdr_lba_end=1953525134
hdr_lba_table=2
hdr_entries=128
hdr_entsz=128
 1 P Linux filesys. data         2048 1953523709 1953521662
Partition table type (auto): EFI GPT
Disk /dev/sdc - 1000 GB / 931 GiB - Samsung SSD 870 EVO 1TB
Partition table type: EFI GPT

Interface Advanced
hdr_size=92
hdr_lba_self=1
hdr_lba_alt=1953525167 (expected 1953525167)
hdr_lba_start=34
hdr_lba_end=1953525134
hdr_lba_table=2
hdr_entries=128
hdr_entsz=128
 1 P Linux filesys. data         2048 1953523709 1953521662
search_superblock

recover_EXT2: s_block_group_nr=0/7452, s_mnt_count=206/4294967295, s_blocks_per_group=32768, s_inodes_per_group=8192
recover_EXT2: s_blocksize=4096
recover_EXT2: s_blocks_count 244190207
recover_EXT2: part_size 1953521656
Filesystem created: Wed Jul  7 15:26:46 2021
Last mount time:    Sun Jan 30 16:05:13 2022
Ext2 superblock found at sector 2 (block=0, blocksize=4096)

block_group_nr 1

recover_EXT2: "e2fsck -b 32768 -B 4096 device" may be needed
recover_EXT2: s_block_group_nr=1/7452, s_mnt_count=0/4294967295, s_blocks_per_group=32768, s_inodes_per_group=8192
recover_EXT2: s_blocksize=4096
recover_EXT2: s_blocks_count 244190207
recover_EXT2: part_size 1953521656
Filesystem created: Wed Jul  7 15:26:46 2021
Ext2 superblock found at sector 262144 (block=32768, blocksize=4096)

block_group_nr 3

recover_EXT2: "e2fsck -b 98304 -B 4096 device" may be needed
recover_EXT2: s_block_group_nr=3/7452, s_mnt_count=0/4294967295, s_blocks_per_group=32768, s_inodes_per_group=8192
recover_EXT2: s_blocksize=4096
recover_EXT2: s_blocks_count 244190207
recover_EXT2: part_size 1953521656
Filesystem created: Wed Jul  7 15:26:46 2021
Ext2 superblock found at sector 786432 (block=98304, blocksize=4096)

block_group_nr 5

recover_EXT2: "e2fsck -b 163840 -B 4096 device" may be needed
recover_EXT2: s_block_group_nr=5/7452, s_mnt_count=0/4294967295, s_blocks_per_group=32768, s_inodes_per_group=8192
recover_EXT2: s_blocksize=4096
recover_EXT2: s_blocks_count 244190207
recover_EXT2: part_size 1953521656
Filesystem created: Wed Jul  7 15:26:46 2021
Ext2 superblock found at sector 1310720 (block=163840, blocksize=4096)

block_group_nr 7

recover_EXT2: "e2fsck -b 229376 -B 4096 device" may be needed
recover_EXT2: s_block_group_nr=7/7452, s_mnt_count=0/4294967295, s_blocks_per_group=32768, s_inodes_per_group=8192
recover_EXT2: s_blocksize=4096
recover_EXT2: s_blocks_count 244190207
recover_EXT2: part_size 1953521656
Filesystem created: Wed Jul  7 15:26:46 2021
Ext2 superblock found at sector 1835008 (block=229376, blocksize=4096)

block_group_nr 9

recover_EXT2: "e2fsck -b 294912 -B 4096 device" may be needed
recover_EXT2: s_block_group_nr=9/7452, s_mnt_count=0/4294967295, s_blocks_per_group=32768, s_inodes_per_group=8192
recover_EXT2: s_blocksize=4096
recover_EXT2: s_blocks_count 244190207
recover_EXT2: part_size 1953521656
Filesystem created: Wed Jul  7 15:26:46 2021
Ext2 superblock found at sector 2359296 (block=294912, blocksize=4096)

block_group_nr 25

recover_EXT2: "e2fsck -b 819200 -B 4096 device" may be needed
recover_EXT2: s_block_group_nr=25/7452, s_mnt_count=0/4294967295, s_blocks_per_group=32768, s_inodes_per_group=8192
recover_EXT2: s_blocksize=4096
recover_EXT2: s_blocks_count 244190207
recover_EXT2: part_size 1953521656
Filesystem created: Wed Jul  7 15:26:46 2021
Ext2 superblock found at sector 6553600 (block=819200, blocksize=4096)

block_group_nr 27

recover_EXT2: "e2fsck -b 884736 -B 4096 device" may be needed
recover_EXT2: s_block_group_nr=27/7452, s_mnt_count=0/4294967295, s_blocks_per_group=32768, s_inodes_per_group=8192
recover_EXT2: s_blocksize=4096
recover_EXT2: s_blocks_count 244190207
recover_EXT2: part_size 1953521656
Filesystem created: Wed Jul  7 15:26:46 2021
Ext2 superblock found at sector 7077888 (block=884736, blocksize=4096)

block_group_nr 49

recover_EXT2: "e2fsck -b 1605632 -B 4096 device" may be needed
recover_EXT2: s_block_group_nr=49/7452, s_mnt_count=0/4294967295, s_blocks_per_group=32768, s_inodes_per_group=8192
recover_EXT2: s_blocksize=4096
recover_EXT2: s_blocks_count 244190207
recover_EXT2: part_size 1953521656
Filesystem created: Wed Jul  7 15:26:46 2021
Ext2 superblock found at sector 12845056 (block=1605632, blocksize=4096)

block_group_nr 81

recover_EXT2: "e2fsck -b 2654208 -B 4096 device" may be needed
recover_EXT2: s_block_group_nr=81/7452, s_mnt_count=0/4294967295, s_blocks_per_group=32768, s_inodes_per_group=8192
recover_EXT2: s_blocksize=4096
recover_EXT2: s_blocks_count 244190207
recover_EXT2: part_size 1953521656
Filesystem created: Wed Jul  7 15:26:46 2021
Ext2 superblock found at sector 21233664 (block=2654208, blocksize=4096)
  Linux filesys. data         2048 1953523703 1953521656
superblock 0, blocksize=4096 []
superblock 32768, blocksize=4096 []
superblock 98304, blocksize=4096 []
superblock 163840, blocksize=4096 []
superblock 229376, blocksize=4096 []
superblock 294912, blocksize=4096 []
superblock 819200, blocksize=4096 []
superblock 884736, blocksize=4096 []
superblock 1605632, blocksize=4096 []
superblock 2654208, blocksize=4096 []

To repair the filesystem using alternate superblock, run
fsck.ext4 -p -b superblock -B blocksize device
Partition table type (auto): EFI GPT
Disk /dev/sdc - 1000 GB / 931 GiB - Samsung SSD 870 EVO 1TB
Partition table type: None

Interface Advanced
   P Unknown                  0   0  1 121601  80 63 1953525168
Change partition type:
   P Unknown                  0   0  1 121601  80 63 1953525168

Interface Advanced
   P Unknown                  0   0  1 121601  80 63 1953525168
Partition table type (auto): EFI GPT
Disk /dev/sdc - 1000 GB / 931 GiB - Samsung SSD 870 EVO 1TB
Partition table type: EFI GPT
New options :
 Dump : No
 Align partition: Yes
 Expert mode : No

Interface Advanced
hdr_size=92
hdr_lba_self=1
hdr_lba_alt=1953525167 (expected 1953525167)
hdr_lba_start=34
hdr_lba_end=1953525134
hdr_lba_table=2
hdr_entries=128
hdr_entsz=128
 1 P Linux filesys. data         2048 1953523709 1953521662
gpt_change_part_type
Change partition type:
 1 P Linux filesys. data         2048 1953523709 1953521662
Change partition type:
 1 P Unknown                     2048 1953523709 1953521662


dir_partition inode=2
 1 P Linux filesys. data         2048 1953523709 1953521662
Directory /
       2 drwxr-xr-x  1000      0      4096 27-Nov-2021 17:58 .
       2 drwxr-xr-x  1000      0      4096 27-Nov-2021 17:58 ..
      11 drwx------     0      0     16384  7-Jul-2021 15:26 lost+found
 10747905 drwxr-xr-x  1000      0      4096 30-Jan-2022 14:11 games
X26738689 drwxrwxr-x  1000   1000      4096 26-Sep-2021 12:56 df
 53477377 drwx------  1000   1000      4096 26-Sep-2021 12:56 .Trash-1000
 55705601 drwxrwxr-x  1000   1000      4096 17-Oct-2021 19:31 other
 36700161 drwxrwxr-x  1000   1000      4096 25-Nov-2021 13:30 footage
 55312385 drwxrwxr-x  1000   1000      4096 27-Nov-2021 18:01 proprietary

dir_partition inode=10747905
 1 P Linux filesys. data         2048 1953523709 1953521662
Directory /games
 10747905 drwxr-xr-x  1000      0      4096 30-Jan-2022 14:11 .
       2 drwxr-xr-x  1000      0      4096 27-Nov-2021 17:58 ..
 10747906 drwxrwxr-x  1000   1000      4096 30-Jan-2022 13:13 steamapps
 10748519 drwxrwxr-x  1000   1000      4096 16-Aug-2021 14:00 starsector
 10748640 drwxrwxr-x  1000   1000      4096 17-Dec-2021 18:20 mods
 10747907 -rwxrwxr-x  1000   1000        69  7-Jul-2021 15:50 libraryfolder.vdf
 19268976 drwxrwxr-x  1000   1000      4096  9-Oct-2021 21:21 nexusvmm
 16122447 drwxrwxr-x  1000   1000      4096 11-Oct-2021 15:45 ROMs
 16122484 drwxrwxr-x  1000   1000      4096 10-Oct-2021 23:22 primehack
 16124014 drwxrwxr-x  1000   1000      4096 25-Jan-2022 21:33 ffbackup

dir_partition inode=16124014
 1 P Linux filesys. data         2048 1953523709 1953521662
Directory /games/ffbackup
 16124014 drwxrwxr-x  1000   1000      4096 25-Jan-2022 21:33 .
 10747905 drwxr-xr-x  1000      0      4096 30-Jan-2022 14:11 ..
 16121934 -rw-rw-rw-  1000   1000      3872 22-Dec-2021 04:46 000000.win32.index2
 16123348 -rw-rw-rw-  1000   1000      6640 22-Dec-2021 04:46 000000.win32.index
 16123557 -rw-rw-rw-  1000   1000    248872 25-Jan-2022 19:54 0a0000.win32.index2
 16123561 -rw-rw-rw-  1000   1000    537680 25-Jan-2022 19:54 0a0000.win32.index
 16123564 -rw-rw-rw-  1000   1000     47152 25-Jan-2022 19:54 0b0000.win32.index2
 16123565 -rw-rw-rw-  1000   1000    101744 25-Jan-2022 19:54 0b0000.win32.index
 16123566 -rw-rw-rw-  1000   1000      9672  4-Jan-2022 20:18 0c0000.win32.index2
 16123567 -rw-rw-rw-  1000   1000     17568  4-Jan-2022 20:18 0c0000.win32.index
 16123569 -rw-rw-rw-  1000   1000   1105456 22-Dec-2021 04:46 010000.win32.index
 16123570 -rw-rw-rw-  1000   1000    441160 22-Dec-2021 04:46 010000.win32.index2
 16123573 -rw-rw-rw-  1000   1000   3124592 22-Dec-2021 04:46 020000.win32.index
 16123574 -rw-rw-rw-  1000   1000   1545256 22-Dec-2021 04:46 020000.win32.index2
 16123575 -rw-rw-rw-  1000   1000    279504 22-Dec-2021 04:46 030000.win32.index
 16123582 -rw-rw-rw-  1000   1000    119760 22-Dec-2021 04:46 030000.win32.index2
 16123602 -rw-rw-rw-  1000   1000  10349056 25-Jan-2022 19:54 040000.win32.index
 16123604 -rw-rw-rw-  1000   1000   1696632 25-Jan-2022 19:54 040000.win32.index2
 16123605 -rw-rw-rw-  1000   1000     12608 22-Dec-2021 04:46 050000.win32.index
 16123606 -rw-rw-rw-  1000   1000      6888 22-Dec-2021 04:46 050000.win32.index2
 16123608 -rw-rw-rw-  1000   1000   2783200 25-Jan-2022 19:54 060000.win32.index
 16123612 -rw-rw-rw-  1000   1000   1379336 25-Jan-2022 19:54 060000.win32.index2
 16123613 -rw-rw-rw-  1000   1000    474704 22-Dec-2021 04:46 070000.win32.index
 16123614 -rw-rw-rw-  1000   1000    237808 22-Dec-2021 04:46 070000.win32.index2
 16123618 -rw-rw-rw-  1000   1000   2083584  4-Jan-2022 20:18 080000.win32.index
 16123619 -rw-rw-rw-  1000   1000    995112  4-Jan-2022 20:18 080000.win32.index2
 16123624 -rwxrwxrwx  1000   1000      1105 23-Dec-2021 23:31 090000.win32.index
 16123625 -rwxrwxrwx  1000   1000      1105 23-Dec-2021 23:31 090000.win32.index2
 16123623 -rw-rw-rw-  1000   1000      2304 16-Aug-2013 05:16 120000.win32.index
 16123626 -rw-rw-rw-  1000   1000      2304  8-Jul-2014 13:08 120000.win32.index2
 16123627 -rw-rw-rw-  1000   1000      2304 16-Aug-2013 05:16 130000.win32.index
 16123628 -rw-rw-rw-  1000   1000      2304  8-Jul-2014 13:08 130000.win32.index2
Directory /games
 10747905 drwxr-xr-x  1000      0      4096 30-Jan-2022 14:11 .
       2 drwxr-xr-x  1000      0      4096 27-Nov-2021 17:58 ..
 10747906 drwxrwxr-x  1000   1000      4096 30-Jan-2022 13:13 steamapps
 10748519 drwxrwxr-x  1000   1000      4096 16-Aug-2021 14:00 starsector
 10748640 drwxrwxr-x  1000   1000      4096 17-Dec-2021 18:20 mods
 10747907 -rwxrwxr-x  1000   1000        69  7-Jul-2021 15:50 libraryfolder.vdf
 19268976 drwxrwxr-x  1000   1000      4096  9-Oct-2021 21:21 nexusvmm
 16122447 drwxrwxr-x  1000   1000      4096 11-Oct-2021 15:45 ROMs
 16122484 drwxrwxr-x  1000   1000      4096 10-Oct-2021 23:22 primehack
 16124014 drwxrwxr-x  1000   1000      4096 25-Jan-2022 21:33 ffbackup
Directory /
       2 drwxr-xr-x  1000      0      4096 27-Nov-2021 17:58 .
       2 drwxr-xr-x  1000      0      4096 27-Nov-2021 17:58 ..
      11 drwx------     0      0     16384  7-Jul-2021 15:26 lost+found
 10747905 drwxr-xr-x  1000      0      4096 30-Jan-2022 14:11 games
X26738689 drwxrwxr-x  1000   1000      4096 26-Sep-2021 12:56 df
 53477377 drwx------  1000   1000      4096 26-Sep-2021 12:56 .Trash-1000
 55705601 drwxrwxr-x  1000   1000      4096 17-Oct-2021 19:31 other
 36700161 drwxrwxr-x  1000   1000      4096 25-Nov-2021 13:30 footage
 55312385 drwxrwxr-x  1000   1000      4096 27-Nov-2021 18:01 proprietary

dir_partition inode=26738689
 1 P Linux filesys. data         2048 1953523709 1953521662
Directory /df
 26738689 drwxrwxr-x  1000   1000      4096 26-Sep-2021 12:56 .
 53477379 drwx------  1000   1000     12288 25-Jan-2022 21:35 ..
Directory /
       2 drwxr-xr-x  1000      0      4096 27-Nov-2021 17:58 .
       2 drwxr-xr-x  1000      0      4096 27-Nov-2021 17:58 ..
      11 drwx------     0      0     16384  7-Jul-2021 15:26 lost+found
 10747905 drwxr-xr-x  1000      0      4096 30-Jan-2022 14:11 games
X26738689 drwxrwxr-x  1000   1000      4096 26-Sep-2021 12:56 df
 53477377 drwx------  1000   1000      4096 26-Sep-2021 12:56 .Trash-1000
 55705601 drwxrwxr-x  1000   1000      4096 17-Oct-2021 19:31 other
 36700161 drwxrwxr-x  1000   1000      4096 25-Nov-2021 13:30 footage
 55312385 drwxrwxr-x  1000   1000      4096 27-Nov-2021 18:01 proprietary

dir_partition inode=10747905
 1 P Linux filesys. data         2048 1953523709 1953521662
Directory /games
 10747905 drwxr-xr-x  1000      0      4096 30-Jan-2022 14:11 .
       2 drwxr-xr-x  1000      0      4096 27-Nov-2021 17:58 ..
 10747906 drwxrwxr-x  1000   1000      4096 30-Jan-2022 13:13 steamapps
 10748519 drwxrwxr-x  1000   1000      4096 16-Aug-2021 14:00 starsector
 10748640 drwxrwxr-x  1000   1000      4096 17-Dec-2021 18:20 mods
 10747907 -rwxrwxr-x  1000   1000        69  7-Jul-2021 15:50 libraryfolder.vdf
 19268976 drwxrwxr-x  1000   1000      4096  9-Oct-2021 21:21 nexusvmm
 16122447 drwxrwxr-x  1000   1000      4096 11-Oct-2021 15:45 ROMs
 16122484 drwxrwxr-x  1000   1000      4096 10-Oct-2021 23:22 primehack
 16124014 drwxrwxr-x  1000   1000      4096 25-Jan-2022 21:33 ffbackup
Directory /
       2 drwxr-xr-x  1000      0      4096 27-Nov-2021 17:58 .
       2 drwxr-xr-x  1000      0      4096 27-Nov-2021 17:58 ..
      11 drwx------     0      0     16384  7-Jul-2021 15:26 lost+found
 10747905 drwxr-xr-x  1000      0      4096 30-Jan-2022 14:11 games
X26738689 drwxrwxr-x  1000   1000      4096 26-Sep-2021 12:56 df
 53477377 drwx------  1000   1000      4096 26-Sep-2021 12:56 .Trash-1000
 55705601 drwxrwxr-x  1000   1000      4096 17-Oct-2021 19:31 other
 36700161 drwxrwxr-x  1000   1000      4096 25-Nov-2021 13:30 footage
 55312385 drwxrwxr-x  1000   1000      4096 27-Nov-2021 18:01 proprietary

dir_partition inode=11
 1 P Linux filesys. data         2048 1953523709 1953521662
Directory /lost+found
      11 drwx------     0      0     16384  7-Jul-2021 15:26 .
       2 drwxr-xr-x  1000      0      4096 27-Nov-2021 17:58 ..
Directory /
       2 drwxr-xr-x  1000      0      4096 27-Nov-2021 17:58 .
       2 drwxr-xr-x  1000      0      4096 27-Nov-2021 17:58 ..
      11 drwx------     0      0     16384  7-Jul-2021 15:26 lost+found
 10747905 drwxr-xr-x  1000      0      4096 30-Jan-2022 14:11 games
X26738689 drwxrwxr-x  1000   1000      4096 26-Sep-2021 12:56 df
 53477377 drwx------  1000   1000      4096 26-Sep-2021 12:56 .Trash-1000
 55705601 drwxrwxr-x  1000   1000      4096 17-Oct-2021 19:31 other
 36700161 drwxrwxr-x  1000   1000      4096 25-Nov-2021 13:30 footage
 55312385 drwxrwxr-x  1000   1000      4096 27-Nov-2021 18:01 proprietary
Partition table type (auto): EFI GPT
Disk /dev/sdc - 1000 GB / 931 GiB - Samsung SSD 870 EVO 1TB
Partition table type: None

Interface Advanced
   P Unknown                  0   0  1 121601  80 63 1953525168

TestDisk exited normally.
